Container()(
	Container(GA)(
		Hanging(A)(
			Container()(
				Container(GA)(
					Hanging(A)(
						Container()()
					)
				)
			)
		)
	),
	Walled(B)(
		Container()()
	),
	Container(GA)(
		Hanging(A)(
			Container()(
				Container(GA)(
					Hanging(A)(
						Container()()
					)
				)
			)
		)
	)
)