Container()(
	VerbatimWalled(A)(
		Text(MT)(
			a
		)
	),
	Container(SA)(
		VerbatimWalled(A)(
			Text(MT)(
				b
			)
		),
		Container(SB)(
			Leaf(T)(
				Container()(
					Text(MT)(
						c
					)
				)
			),
			VerbatimWalled(B)(
				Text(MT)(
					d
				)
			)
		)
	),
	VerbatimWalled(B)(
		Text(MT)(
			e
		)
	)
)